// Jest Snapshot v1, https://goo.gl/fbAQLP

exports[`check data which is rendering should render component in debug mode 1`] = `ShallowWrapper {}`;
